2026-08-11 19:51:36.495 [info] Reading sessions from keychain...
2026-08-11 19:51:36.496 [info] Getting sessions for all scopes...
2026-08-11 19:51:36.496 [info] Got 0 sessions for ...
2026-08-11 19:51:36.496 [info] Getting sessions for all scopes...
2026-08-11 19:51:36.496 [info] Got 0 sessions for ...
2026-08-11 19:51:36.496 [info] Getting sessions for all scopes...
2026-08-11 19:51:36.496 [info] Got 0 sessions for ...
2026-08-11 19:51:36.497 [info] Getting sessions for all scopes...
2026-08-11 19:51:36.498 [info] Got 0 sessions for ...
2026-08-11 19:51:36.699 [info] Getting sessions for all scopes...
2026-08-11 19:51:36.699 [info] Got 0 sessions for ...
2026-08-11 19:51:39.825 [info] Getting sessions for read:user,user:email...
2026-08-11 19:51:39.826 [info] Got 0 sessions for read:user,user:email...
2026-08-11 19:51:39.833 [info] Getting sessions for all scopes...
2026-08-11 19:51:39.833 [info] Got 0 sessions for ...
2026-08-11 19:51:39.835 [info] Getting sessions for repo...
2026-08-11 19:51:39.835 [info] Got 0 sessions for repo...
2026-08-11 19:51:39.838 [info] Getting sessions for all scopes...
2026-08-11 19:51:39.838 [info] Got 0 sessions for ...
2026-08-11 19:51:39.904 [info] Getting sessions for read:user,user:email...
2026-08-11 19:51:39.904 [info] Got 0 sessions for read:user,user:email...
2026-08-11 19:51:39.905 [info] Getting sessions for read:user,user:email...
2026-08-11 19:51:39.905 [info] Got 0 sessions for read:user,user:email...
2026-08-11 19:51:39.908 [info] Getting sessions for read:user,user:email...
2026-08-11 19:51:39.908 [info] Got 0 sessions for read:user,user:email...
2026-08-11 19:51:39.910 [info] Getting sessions for read:user,user:email...
2026-08-11 19:51:39.910 [info] Got 0 sessions for read:user,user:email...
2026-08-11 19:51:39.911 [info] Getting sessions for read:user,user:email...
2026-08-11 19:51:39.912 [info] Got 0 sessions for read:user,user:email...
2026-08-11 19:51:39.913 [info] Getting sessions for read:user,user:email...
2026-08-11 19:51:39.913 [info] Got 0 sessions for read:user,user:email...
2026-08-11 19:51:39.914 [info] Getting sessions for read:user,user:email...
2026-08-11 19:51:39.914 [info] Got 0 sessions for read:user,user:email...
2026-08-11 19:51:39.914 [info] Getting sessions for read:user,user:email...
2026-08-11 19:51:39.914 [info] Got 0 sessions for read:user,user:email...
2026-08-11 19:51:39.915 [info] Getting sessions for read:user,user:email...
2026-08-11 19:51:39.916 [info] Got 0 sessions for read:user,user:email...
2026-08-11 19:51:39.916 [info] Getting sessions for read:user,user:email...
2026-08-11 19:51:39.916 [info] Got 0 sessions for read:user,user:email...
2026-08-11 19:51:39.936 [info] Getting sessions for all scopes...
2026-08-11 19:51:39.936 [info] Got 0 sessions for ...
2026-08-11 19:51:39.936 [info] Getting sessions for all scopes...
2026-08-11 19:51:39.936 [info] Got 0 sessions for ...
2026-08-11 19:51:39.936 [info] Getting sessions for all scopes...
2026-08-11 19:51:39.936 [info] Got 0 sessions for ...
2026-08-11 19:51:39.936 [info] Getting sessions for all scopes...
2026-08-11 19:51:39.936 [info] Got 0 sessions for ...
2026-08-11 19:51:39.936 [info] Getting sessions for all scopes...
2026-08-11 19:51:39.937 [info] Got 0 sessions for ...
2026-08-11 19:51:39.937 [info] Getting sessions for all scopes...
2026-08-11 19:51:39.937 [info] Got 0 sessions for ...
2026-08-11 19:51:39.937 [info] Getting sessions for all scopes...
2026-08-11 19:51:39.937 [info] Got 0 sessions for ...
2026-08-11 19:51:39.937 [info] Getting sessions for all scopes...
2026-08-11 19:51:39.937 [info] Got 0 sessions for ...
2026-08-11 19:51:39.937 [info] Getting sessions for all scopes...
2026-08-11 19:51:39.937 [info] Got 0 sessions for ...
2026-08-11 19:51:39.937 [info] Getting sessions for all scopes...
2026-08-11 19:51:39.938 [info] Got 0 sessions for ...
2026-08-11 19:51:39.947 [info] Getting sessions for repo...
2026-08-11 19:51:39.947 [info] Got 0 sessions for repo...
2026-08-11 19:51:39.956 [info] Getting sessions for repo...
2026-08-11 19:51:39.956 [info] Got 0 sessions for repo...
2026-08-11 19:51:39.959 [info] Getting sessions for repo...
2026-08-11 19:51:39.959 [info] Got 0 sessions for repo...
2026-08-11 19:51:39.959 [info] Getting sessions for repo...
2026-08-11 19:51:39.959 [info] Got 0 sessions for repo...
2026-08-11 19:51:39.959 [info] Getting sessions for repo...
2026-08-11 19:51:39.959 [info] Got 0 sessions for repo...
2026-08-11 19:51:39.959 [info] Getting sessions for repo...
2026-08-11 19:51:39.959 [info] Got 0 sessions for repo...
2026-08-11 19:51:39.959 [info] Getting sessions for repo...
2026-08-11 19:51:39.959 [info] Got 0 sessions for repo...
2026-08-11 19:51:39.959 [info] Getting sessions for repo...
2026-08-11 19:51:39.959 [info] Got 0 sessions for repo...
2026-08-11 19:51:39.960 [info] Getting sessions for repo...
2026-08-11 19:51:39.960 [info] Got 0 sessions for repo...
2026-08-11 19:51:39.960 [info] Getting sessions for repo...
2026-08-11 19:51:39.960 [info] Got 0 sessions for repo...
2026-08-11 19:51:39.961 [info] Getting sessions for all scopes...
2026-08-11 19:51:39.961 [info] Got 0 sessions for ...
2026-08-11 19:51:39.961 [info] Getting sessions for all scopes...
2026-08-11 19:51:39.961 [info] Got 0 sessions for ...
2026-08-11 19:51:39.962 [info] Getting sessions for all scopes...
2026-08-11 19:51:39.962 [info] Got 0 sessions for ...
2026-08-11 19:51:39.962 [info] Getting sessions for all scopes...
2026-08-11 19:51:39.962 [info] Got 0 sessions for ...
2026-08-11 19:51:39.962 [info] Getting sessions for all scopes...
2026-08-11 19:51:39.962 [info] Got 0 sessions for ...
2026-08-11 19:51:39.962 [info] Getting sessions for all scopes...
2026-08-11 19:51:39.962 [info] Got 0 sessions for ...
2026-08-11 19:51:39.962 [info] Getting sessions for all scopes...
2026-08-11 19:51:39.962 [info] Got 0 sessions for ...
2026-08-11 19:51:39.962 [info] Getting sessions for all scopes...
2026-08-11 19:51:39.962 [info] Got 0 sessions for ...
2026-08-11 19:51:39.963 [info] Getting sessions for all scopes...
2026-08-11 19:51:39.963 [info] Got 0 sessions for ...
2026-08-11 19:51:39.963 [info] Getting sessions for all scopes...
2026-08-11 19:51:39.963 [info] Got 0 sessions for ...
2026-08-11 19:51:39.964 [info] Getting sessions for read:user,user:email...
2026-08-11 19:51:39.964 [info] Got 0 sessions for read:user,user:email...
2026-08-11 19:51:39.964 [info] Getting sessions for read:user,user:email...
2026-08-11 19:51:39.964 [info] Got 0 sessions for read:user,user:email...
2026-08-11 19:51:39.965 [info] Getting sessions for read:user,user:email...
2026-08-11 19:51:39.965 [info] Got 0 sessions for read:user,user:email...
2026-08-11 19:51:39.965 [info] Getting sessions for read:user,user:email...
2026-08-11 19:51:39.965 [info] Got 0 sessions for read:user,user:email...
2026-08-11 19:51:39.965 [info] Getting sessions for read:user,user:email...
2026-08-11 19:51:39.966 [info] Got 0 sessions for read:user,user:email...
2026-08-11 19:51:39.966 [info] Getting sessions for read:user,user:email...
2026-08-11 19:51:39.966 [info] Got 0 sessions for read:user,user:email...
2026-08-11 19:51:39.966 [info] Getting sessions for read:user,user:email...
2026-08-11 19:51:39.966 [info] Got 0 sessions for read:user,user:email...
2026-08-11 19:51:39.967 [info] Getting sessions for read:user,user:email...
2026-08-11 19:51:39.967 [info] Got 0 sessions for read:user,user:email...
2026-08-11 19:51:39.967 [info] Getting sessions for read:user,user:email...
2026-08-11 19:51:39.967 [info] Got 0 sessions for read:user,user:email...
2026-08-11 19:51:39.968 [info] Getting sessions for all scopes...
2026-08-11 19:51:39.968 [info] Got 0 sessions for ...
2026-08-11 19:51:39.969 [info] Getting sessions for all scopes...
2026-08-11 19:51:39.969 [info] Got 0 sessions for ...
2026-08-11 19:51:39.970 [info] Getting sessions for all scopes...
2026-08-11 19:51:39.970 [info] Got 0 sessions for ...
2026-08-11 19:51:39.970 [info] Getting sessions for all scopes...
2026-08-11 19:51:39.970 [info] Got 0 sessions for ...
2026-08-11 19:51:39.970 [info] Getting sessions for all scopes...
2026-08-11 19:51:39.970 [info] Got 0 sessions for ...
2026-08-11 19:51:39.971 [info] Getting sessions for all scopes...
2026-08-11 19:51:39.971 [info] Got 0 sessions for ...
2026-08-11 19:51:39.971 [info] Getting sessions for all scopes...
2026-08-11 19:51:39.971 [info] Got 0 sessions for ...
2026-08-11 19:51:39.971 [info] Getting sessions for all scopes...
2026-08-11 19:51:39.971 [info] Got 0 sessions for ...
2026-08-11 19:51:39.972 [info] Getting sessions for all scopes...
2026-08-11 19:51:39.972 [info] Got 0 sessions for ...
2026-08-11 19:51:39.972 [info] Getting sessions for repo...
2026-08-11 19:51:39.973 [info] Got 0 sessions for repo...
2026-08-11 19:51:39.973 [info] Getting sessions for repo...
2026-08-11 19:51:39.973 [info] Got 0 sessions for repo...
2026-08-11 19:51:39.973 [info] Getting sessions for repo...
2026-08-11 19:51:39.973 [info] Got 0 sessions for repo...
2026-08-11 19:51:39.973 [info] Getting sessions for repo...
2026-08-11 19:51:39.973 [info] Got 0 sessions for repo...
2026-08-11 19:51:39.973 [info] Getting sessions for repo...
2026-08-11 19:51:39.973 [info] Got 0 sessions for repo...
2026-08-11 19:51:39.974 [info] Getting sessions for repo...
2026-08-11 19:51:39.974 [info] Got 0 sessions for repo...
2026-08-11 19:51:39.974 [info] Getting sessions for repo...
2026-08-11 19:51:39.974 [info] Got 0 sessions for repo...
2026-08-11 19:51:39.975 [info] Getting sessions for repo...
2026-08-11 19:51:39.975 [info] Got 0 sessions for repo...
2026-08-11 19:51:39.975 [info] Getting sessions for repo...
2026-08-11 19:51:39.975 [info] Got 0 sessions for repo...
2026-08-11 19:51:39.975 [info] Getting sessions for all scopes...
2026-08-11 19:51:39.975 [info] Got 0 sessions for ...
2026-08-11 19:51:39.975 [info] Getting sessions for all scopes...
2026-08-11 19:51:39.975 [info] Got 0 sessions for ...
2026-08-11 19:51:39.976 [info] Getting sessions for all scopes...
2026-08-11 19:51:39.976 [info] Got 0 sessions for ...
2026-08-11 19:51:39.976 [info] Getting sessions for all scopes...
2026-08-11 19:51:39.976 [info] Got 0 sessions for ...
2026-08-11 19:51:39.976 [info] Getting sessions for all scopes...
2026-08-11 19:51:39.976 [info] Got 0 sessions for ...
2026-08-11 19:51:39.977 [info] Getting sessions for all scopes...
2026-08-11 19:51:39.978 [info] Got 0 sessions for ...
2026-08-11 19:51:39.978 [info] Getting sessions for all scopes...
2026-08-11 19:51:39.978 [info] Got 0 sessions for ...
2026-08-11 19:51:39.978 [info] Getting sessions for all scopes...
2026-08-11 19:51:39.978 [info] Got 0 sessions for ...
2026-08-11 19:51:39.978 [info] Getting sessions for all scopes...
2026-08-11 19:51:39.979 [info] Got 0 sessions for ...
2026-08-11 19:51:41.131 [info] Getting sessions for all scopes...
2026-08-11 19:51:41.133 [info] Got 0 sessions for ...
